<testsuites id="" name="" tests="1" failures="0" skipped="0" errors="0" time="21.275299000000004">
<testsuite name="RueckmeldungErstellenUndSenden_4.spec.js" timestamp="2026-02-06T07:52:39.957Z" hostname="chromium" tests="1" failures="0" skipped="0" time="19.823" errors="0">
<testcase name="Rückmeldung erstellen und senden" classname="RueckmeldungErstellenUndSenden_4.spec.js" time="19.823">
</testcase>
</testsuite>
</testsuites>